// Jest Snapshot v1, https://goo.gl/fbAQLP

exports[`renders a view hero component 1`] = `
<div
  className="block hero"
>
  <div
    className="block-inner-wrapper undefined"
  >
    <div
      className="hero-body"
    >
      <div
        className="hero-text"
      />
    </div>
    <div
      className="wrapper-aside"
    >
      <img
        alt=""
        className="hero-image"
        loading="lazy"
        src="heroimage.jpg/@@images/image/large"
      />
    </div>
  </div>
</div>
`;
